Archive member included to satisfy reference by file (symbol)

c:/program files (x86)/atmel/studio/7.0/toolchain/avr8/avr8-gnu-toolchain/bin/../lib/gcc/avr/5.4.0/avr5\libgcc.a(_divmodhi4.o)
                              HAL/Servo.o (__divmodhi4)
c:/program files (x86)/atmel/studio/7.0/toolchain/avr8/avr8-gnu-toolchain/bin/../lib/gcc/avr/5.4.0/avr5\libgcc.a(_udivmodsi4.o)
                              HAL/ultrasonic.o (__udivmodsi4)
c:/program files (x86)/atmel/studio/7.0/toolchain/avr8/avr8-gnu-toolchain/bin/../lib/gcc/avr/5.4.0/avr5\libgcc.a(_exit.o)
                              C:/Program Files (x86)/Atmel/Studio/7.0/Packs/atmel/ATmega_DFP/1.7.374/gcc/dev/atmega32/avr5/crtatmega32.o (exit)
c:/program files (x86)/atmel/studio/7.0/toolchain/avr8/avr8-gnu-toolchain/bin/../lib/gcc/avr/5.4.0/avr5\libgcc.a(_copy_data.o)
                              HAL/H_7_segments.o (__do_copy_data)
c:/program files (x86)/atmel/studio/7.0/toolchain/avr8/avr8-gnu-toolchain/bin/../lib/gcc/avr/5.4.0/avr5\libgcc.a(_clear_bss.o)
                              HAL/EEPROM.o (__do_clear_bss)
c:/program files (x86)/atmel/studio/7.0/toolchain/avr8/avr8-gnu-toolchain/bin/../lib/gcc/avr/5.4.0/avr5\libgcc.a(_udivmodhi4.o)
                              c:/program files (x86)/atmel/studio/7.0/toolchain/avr8/avr8-gnu-toolchain/bin/../lib/gcc/avr/5.4.0/avr5\libgcc.a(_divmodhi4.o) (__udivmodhi4)

Allocating common symbols
Common symbol       size              file

Task_array          0xc               MCAL/Timer_0.o
array               0x4               MCAL/Timer_1.o

Discarded input sections

 .data          0x00000000        0x0 C:/Program Files (x86)/Atmel/Studio/7.0/Packs/atmel/ATmega_DFP/1.7.374/gcc/dev/atmega32/avr5/crtatmega32.o
 .bss           0x00000000        0x0 C:/Program Files (x86)/Atmel/Studio/7.0/Packs/atmel/ATmega_DFP/1.7.374/gcc/dev/atmega32/avr5/crtatmega32.o
 .text          0x00000000        0x0 HAL/DC_motor.o
 .data          0x00000000        0x0 HAL/DC_motor.o
 .bss           0x00000000        0x0 HAL/DC_motor.o
 .text.H_DC_motor_init
                0x00000000       0x44 HAL/DC_motor.o
 .text          0x00000000        0x0 HAL/EEPROM.o
 .data          0x00000000        0x0 HAL/EEPROM.o
 .bss           0x00000000        0x0 HAL/EEPROM.o
 .text.H_EEPROM_init
                0x00000000        0x6 HAL/EEPROM.o
 .text.H_EEPROM_send
                0x00000000       0x38 HAL/EEPROM.o
 .text.H_EEPROM_read
                0x00000000       0x4a HAL/EEPROM.o
 .bss.data.1783
                0x00000000        0x1 HAL/EEPROM.o
 .debug_info    0x00000000      0x32a HAL/EEPROM.o
 .debug_abbrev  0x00000000      0x180 HAL/EEPROM.o
 .debug_loc     0x00000000      0x1d8 HAL/EEPROM.o
 .debug_aranges
                0x00000000       0x30 HAL/EEPROM.o
 .debug_ranges  0x00000000       0x20 HAL/EEPROM.o
 .debug_line    0x00000000      0x19d HAL/EEPROM.o
 .debug_str     0x00000000      0x252 HAL/EEPROM.o
 .comment       0x00000000       0x31 HAL/EEPROM.o
 .debug_frame   0x00000000       0x5c HAL/EEPROM.o
 .text          0x00000000        0x0 HAL/H_key_pad.o
 .data          0x00000000        0x0 HAL/H_key_pad.o
 .bss           0x00000000        0x0 HAL/H_key_pad.o
 .text.H_key_pad_init
                0x00000000       0x22 HAL/H_key_pad.o
 .text.H_key_pad_read
                0x00000000      0x2da HAL/H_key_pad.o
 .debug_info    0x00000000      0x829 HAL/H_key_pad.o
 .debug_abbrev  0x00000000      0x16f HAL/H_key_pad.o
 .debug_loc     0x00000000      0x228 HAL/H_key_pad.o
 .debug_aranges
                0x00000000       0x28 HAL/H_key_pad.o
 .debug_ranges  0x00000000       0x18 HAL/H_key_pad.o
 .debug_line    0x00000000      0x395 HAL/H_key_pad.o
 .debug_str     0x00000000      0x280 HAL/H_key_pad.o
 .comment       0x00000000       0x31 HAL/H_key_pad.o
 .debug_frame   0x00000000       0x58 HAL/H_key_pad.o
 .text          0x00000000        0x0 HAL/H_LCD.o
 .data          0x00000000        0x0 HAL/H_LCD.o
 .bss           0x00000000        0x0 HAL/H_LCD.o
 .text.H_LCD_send_command
                0x00000000      0x10c HAL/H_LCD.o
 .text.H_LCD_clear
                0x00000000       0x4a HAL/H_LCD.o
 .text.H_LCD_init
                0x00000000      0x18c HAL/H_LCD.o
 .text.H_LCD_dispaly_char
                0x00000000      0x19e HAL/H_LCD.o
 .text.H_LCD_dispaly_text
                0x00000000       0xb4 HAL/H_LCD.o
 .text.H_LCD_set_cursor_location
                0x00000000       0x84 HAL/H_LCD.o
 .bss.h         0x00000000        0x2 HAL/H_LCD.o
 .bss.g         0x00000000        0x2 HAL/H_LCD.o
 .debug_info    0x00000000      0xb5e HAL/H_LCD.o
 .debug_abbrev  0x00000000      0x1ba HAL/H_LCD.o
 .debug_loc     0x00000000      0x798 HAL/H_LCD.o
 .debug_aranges
                0x00000000       0x48 HAL/H_LCD.o
 .debug_ranges  0x00000000       0x38 HAL/H_LCD.o
 .debug_line    0x00000000      0x3f9 HAL/H_LCD.o
 .debug_str     0x00000000      0x382 HAL/H_LCD.o
 .comment       0x00000000       0x31 HAL/H_LCD.o
 .debug_frame   0x00000000      0x170 HAL/H_LCD.o
 .text          0x00000000        0x0 HAL/H_7_segments.o
 .data          0x00000000        0x0 HAL/H_7_segments.o
 .bss           0x00000000        0x0 HAL/H_7_segments.o
 .text.H_7_segment_init
                0x00000000       0x9e HAL/H_7_segments.o
 .text.H_7_segment_clear
                0x00000000       0x5e HAL/H_7_segments.o
 .text.H_7_segment_display
                0x00000000       0x90 HAL/H_7_segments.o
 .data._7_segment_arr
                0x00000000        0xa HAL/H_7_segments.o
 .debug_info    0x00000000      0x4b6 HAL/H_7_segments.o
 .debug_abbrev  0x00000000      0x12a HAL/H_7_segments.o
 .debug_loc     0x00000000      0x1cc HAL/H_7_segments.o
 .debug_aranges
                0x00000000       0x30 HAL/H_7_segments.o
 .debug_ranges  0x00000000       0x20 HAL/H_7_segments.o
 .debug_line    0x00000000      0x1e9 HAL/H_7_segments.o
 .debug_str     0x00000000      0x2e7 HAL/H_7_segments.o
 .comment       0x00000000       0x31 HAL/H_7_segments.o
 .debug_frame   0x00000000       0x60 HAL/H_7_segments.o
 .text          0x00000000        0x0 HAL/Servo.o
 .data          0x00000000        0x0 HAL/Servo.o
 .bss           0x00000000        0x0 HAL/Servo.o
 .text          0x00000000        0x0 HAL/ultrasonic.o
 .data          0x00000000        0x0 HAL/ultrasonic.o
 .bss           0x00000000        0x0 HAL/ultrasonic.o
 .text          0x00000000        0x0 main.o
 .data          0x00000000        0x0 main.o
 .bss           0x00000000        0x0 main.o
 .text.car_backward
                0x00000000       0x32 main.o
 .text          0x00000000        0x0 MCAL/I2C.o
 .data          0x00000000        0x0 MCAL/I2C.o
 .bss           0x00000000        0x0 MCAL/I2C.o
 .text.M_I2C_init
                0x00000000       0x32 MCAL/I2C.o
 .text.M_I2C_start
                0x00000000       0x4e MCAL/I2C.o
 .text.M_I2C_send
                0x00000000       0x26 MCAL/I2C.o
 .text.M_I2C_receive
                0x00000000       0x24 MCAL/I2C.o
 .text.M_I2C_slave_address
                0x00000000        0x6 MCAL/I2C.o
 .text.M_I2C_stop
                0x00000000        0xc MCAL/I2C.o
 .debug_info    0x00000000      0x1d9 MCAL/I2C.o
 .debug_abbrev  0x00000000       0xd5 MCAL/I2C.o
 .debug_loc     0x00000000       0xe8 MCAL/I2C.o
 .debug_aranges
                0x00000000       0x48 MCAL/I2C.o
 .debug_ranges  0x00000000       0x38 MCAL/I2C.o
 .debug_line    0x00000000      0x1ec MCAL/I2C.o
 .debug_str     0x00000000      0x233 MCAL/I2C.o
 .comment       0x00000000       0x31 MCAL/I2C.o
 .debug_frame   0x00000000       0x74 MCAL/I2C.o
 .text          0x00000000        0x0 MCAL/M_ADC.o
 .data          0x00000000        0x0 MCAL/M_ADC.o
 .bss           0x00000000        0x0 MCAL/M_ADC.o
 .text.M_ADC_init
                0x00000000       0x3e MCAL/M_ADC.o
 .text.M_ADC_read
                0x00000000       0x44 MCAL/M_ADC.o
 .debug_info    0x00000000      0x16d MCAL/M_ADC.o
 .debug_abbrev  0x00000000       0xbf MCAL/M_ADC.o
 .debug_loc     0x00000000       0x63 MCAL/M_ADC.o
 .debug_aranges
                0x00000000       0x28 MCAL/M_ADC.o
 .debug_ranges  0x00000000       0x18 MCAL/M_ADC.o
 .debug_line    0x00000000      0x162 MCAL/M_ADC.o
 .debug_str     0x00000000      0x217 MCAL/M_ADC.o
 .comment       0x00000000       0x31 MCAL/M_ADC.o
 .debug_frame   0x00000000       0x34 MCAL/M_ADC.o
 .text          0x00000000        0x0 MCAL/M_DIO.o
 .data          0x00000000        0x0 MCAL/M_DIO.o
 .bss           0x00000000        0x0 MCAL/M_DIO.o
 .text.M_DIO_toggle_pin
                0x00000000       0x68 MCAL/M_DIO.o
 .text.M_DIO_read_pin_state
                0x00000000       0x5c MCAL/M_DIO.o
 .text.M_DIO_clear_port
                0x00000000       0x20 MCAL/M_DIO.o
 .text.M_DIO_set_port_direction
                0x00000000       0x58 MCAL/M_DIO.o
 .text.M_DIO_set_port_value
                0x00000000       0x20 MCAL/M_DIO.o
 .text.M_DIO_set_port_direction_mask
                0x00000000       0x78 MCAL/M_DIO.o
 .text.M_DIO_set_port_value_mask
                0x00000000       0x30 MCAL/M_DIO.o
 .text.M_DIO_clear_port_mask
                0x00000000       0x38 MCAL/M_DIO.o
 .text          0x00000000        0x0 MCAL/M_external_interrupt.o
 .data          0x00000000        0x0 MCAL/M_external_interrupt.o
 .bss           0x00000000        0x0 MCAL/M_external_interrupt.o
 .text.M_external_interrupt_enable
                0x00000000       0x70 MCAL/M_external_interrupt.o
 .text.M_external_interrupt_disable
                0x00000000       0x24 MCAL/M_external_interrupt.o
 .debug_info    0x00000000      0x142 MCAL/M_external_interrupt.o
 .debug_abbrev  0x00000000       0x92 MCAL/M_external_interrupt.o
 .debug_loc     0x00000000       0xf9 MCAL/M_external_interrupt.o
 .debug_aranges
                0x00000000       0x28 MCAL/M_external_interrupt.o
 .debug_ranges  0x00000000       0x18 MCAL/M_external_interrupt.o
 .debug_line    0x00000000      0x166 MCAL/M_external_interrupt.o
 .debug_str     0x00000000      0x26a MCAL/M_external_interrupt.o
 .comment       0x00000000       0x31 MCAL/M_external_interrupt.o
 .debug_frame   0x00000000       0x34 MCAL/M_external_interrupt.o
 .text          0x00000000        0x0 MCAL/SPI.o
 .data          0x00000000        0x0 MCAL/SPI.o
 .bss           0x00000000        0x0 MCAL/SPI.o
 .text.M_SPI_init
                0x00000000       0x54 MCAL/SPI.o
 .text.M_SPI_send_data
                0x00000000        0x8 MCAL/SPI.o
 .text.M_SPI_recive_data
                0x00000000        0xc MCAL/SPI.o
 .debug_info    0x00000000      0x120 MCAL/SPI.o
 .debug_abbrev  0x00000000       0xa3 MCAL/SPI.o
 .debug_loc     0x00000000       0x3a MCAL/SPI.o
 .debug_aranges
                0x00000000       0x30 MCAL/SPI.o
 .debug_ranges  0x00000000       0x20 MCAL/SPI.o
 .debug_line    0x00000000      0x14c MCAL/SPI.o
 .debug_str     0x00000000      0x1e8 MCAL/SPI.o
 .comment       0x00000000       0x31 MCAL/SPI.o
 .debug_frame   0x00000000       0x44 MCAL/SPI.o
 .text          0x00000000        0x0 MCAL/Timer_1.o
 .data          0x00000000        0x0 MCAL/Timer_1.o
 .bss           0x00000000        0x0 MCAL/Timer_1.o
 .text          0x00000000        0x0 MCAL/Timer_0.o
 .data          0x00000000        0x0 MCAL/Timer_0.o
 .bss           0x00000000        0x0 MCAL/Timer_0.o
 .text.M_Timer_0_init
                0x00000000       0x24 MCAL/Timer_0.o
 .text.M_Timer_0_start
                0x00000000        0x8 MCAL/Timer_0.o
 .text.M_Timer_0_stop
                0x00000000        0xe MCAL/Timer_0.o
 .text.M_Timer_0_reset
                0x00000000        0x4 MCAL/Timer_0.o
 .text.M_Timer_0_add_task
                0x00000000       0x18 MCAL/Timer_0.o
 .text.M_Timer_0_Task_start
                0x00000000        0xe MCAL/Timer_0.o
 .text          0x00000000        0x0 MCAL/Timer_2.o
 .data          0x00000000        0x0 MCAL/Timer_2.o
 .bss           0x00000000        0x0 MCAL/Timer_2.o
 .text          0x00000000        0x0 MCAL/UART.o
 .data          0x00000000        0x0 MCAL/UART.o
 .bss           0x00000000        0x0 MCAL/UART.o
 .text.M_UART_init
                0x00000000        0xe MCAL/UART.o
 .text.M_UART_TX
                0x00000000        0xe MCAL/UART.o
 .text.M_UART_RX
                0x00000000        0xe MCAL/UART.o
 .text.M_UART_RX_string
                0x00000000       0x14 MCAL/UART.o
 .text.M_UART_TX_string
                0x00000000       0x2c MCAL/UART.o
 .debug_info    0x00000000      0x192 MCAL/UART.o
 .debug_abbrev  0x00000000       0xf6 MCAL/UART.o
 .debug_loc     0x00000000      0x14e MCAL/UART.o
 .debug_aranges
                0x00000000       0x40 MCAL/UART.o
 .debug_ranges  0x00000000       0x30 MCAL/UART.o
 .debug_line    0x00000000      0x18c MCAL/UART.o
 .debug_str     0x00000000      0x1e6 MCAL/UART.o
 .comment       0x00000000       0x31 MCAL/UART.o
 .debug_frame   0x00000000       0x84 MCAL/UART.o
 .text          0x00000000        0x0 c:/program files (x86)/atmel/studio/7.0/toolchain/avr8/avr8-gnu-toolchain/bin/../lib/gcc/avr/5.4.0/avr5\libgcc.a(_divmodhi4.o)
 .data          0x00000000        0x0 c:/program files (x86)/atmel/studio/7.0/toolchain/avr8/avr8-gnu-toolchain/bin/../lib/gcc/avr/5.4.0/avr5\libgcc.a(_divmodhi4.o)
 .bss           0x00000000        0x0 c:/program files (x86)/atmel/studio/7.0/toolchain/avr8/avr8-gnu-toolchain/bin/../lib/gcc/avr/5.4.0/avr5\libgcc.a(_divmodhi4.o)
 .text.libgcc.mul
                0x00000000        0x0 c:/program files (x86)/atmel/studio/7.0/toolchain/avr8/avr8-gnu-toolchain/bin/../lib/gcc/avr/5.4.0/avr5\libgcc.a(_divmodhi4.o)
 .text.libgcc   0x00000000        0x0 c:/program files (x86)/atmel/studio/7.0/toolchain/avr8/avr8-gnu-toolchain/bin/../lib/gcc/avr/5.4.0/avr5\libgcc.a(_divmodhi4.o)
 .text.libgcc.prologue
                0x00000000        0x0 c:/program files (x86)/atmel/studio/7.0/toolchain/avr8/avr8-gnu-toolchain/bin/../lib/gcc/avr/5.4.0/avr5\libgcc.a(_divmodhi4.o)
 .text.libgcc.builtins
                0x00000000        0x0 c:/program files (x86)/atmel/studio/7.0/toolchain/avr8/avr8-gnu-toolchain/bin/../lib/gcc/avr/5.4.0/avr5\libgcc.a(_divmodhi4.o)
 .text.libgcc.fmul
                0x00000000        0x0 c:/program files (x86)/atmel/studio/7.0/toolchain/avr8/avr8-gnu-toolchain/bin/../lib/gcc/avr/5.4.0/avr5\libgcc.a(_divmodhi4.o)
 .text.libgcc.fixed
                0x00000000        0x0 c:/program files (x86)/atmel/studio/7.0/toolchain/avr8/avr8-gnu-toolchain/bin/../lib/gcc/avr/5.4.0/avr5\libgcc.a(_divmodhi4.o)
 .text          0x00000000        0x0 c:/program files (x86)/atmel/studio/7.0/toolchain/avr8/avr8-gnu-toolchain/bin/../lib/gcc/avr/5.4.0/avr5\libgcc.a(_udivmodsi4.o)
 .data          0x00000000        0x0 c:/program files (x86)/atmel/studio/7.0/toolchain/avr8/avr8-gnu-toolchain/bin/../lib/gcc/avr/5.4.0/avr5\libgcc.a(_udivmodsi4.o)
 .bss           0x00000000        0x0 c:/program files (x86)/atmel/studio/7.0/toolchain/avr8/avr8-gnu-toolchain/bin/../lib/gcc/avr/5.4.0/avr5\libgcc.a(_udivmodsi4.o)
 .text.libgcc.mul
                0x00000000        0x0 c:/program files (x86)/atmel/studio/7.0/toolchain/avr8/avr8-gnu-toolchain/bin/../lib/gcc/avr/5.4.0/avr5\libgcc.a(_udivmodsi4.o)
 .text.libgcc   0x00000000        0x0 c:/program files (x86)/atmel/studio/7.0/toolchain/avr8/avr8-gnu-toolchain/bin/../lib/gcc/avr/5.4.0/avr5\libgcc.a(_udivmodsi4.o)
 .text.libgcc.prologue
                0x00000000        0x0 c:/program files (x86)/atmel/studio/7.0/toolchain/avr8/avr8-gnu-toolchain/bin/../lib/gcc/avr/5.4.0/avr5\libgcc.a(_udivmodsi4.o)
 .text.libgcc.builtins
                0x00000000        0x0 c:/program files (x86)/atmel/studio/7.0/toolchain/avr8/avr8-gnu-toolchain/bin/../lib/gcc/avr/5.4.0/avr5\libgcc.a(_udivmodsi4.o)
 .text.libgcc.fmul
                0x00000000        0x0 c:/program files (x86)/atmel/studio/7.0/toolchain/avr8/avr8-gnu-toolchain/bin/../lib/gcc/avr/5.4.0/avr5\libgcc.a(_udivmodsi4.o)
 .text.libgcc.fixed
                0x00000000        0x0 c:/program files (x86)/atmel/studio/7.0/toolchain/avr8/avr8-gnu-toolchain/bin/../lib/gcc/avr/5.4.0/avr5\libgcc.a(_udivmodsi4.o)
 .text          0x00000000        0x0 c:/program files (x86)/atmel/studio/7.0/toolchain/avr8/avr8-gnu-toolchain/bin/../lib/gcc/avr/5.4.0/avr5\libgcc.a(_exit.o)
 .data          0x00000000        0x0 c:/program files (x86)/atmel/studio/7.0/toolchain/avr8/avr8-gnu-toolchain/bin/../lib/gcc/avr/5.4.0/avr5\libgcc.a(_exit.o)
 .bss           0x00000000        0x0 c:/program files (x86)/atmel/studio/7.0/toolchain/avr8/avr8-gnu-toolchain/bin/../lib/gcc/avr/5.4.0/avr5\libgcc.a(_exit.o)
 .text.libgcc.mul
                0x00000000        0x0 c:/program files (x86)/atmel/studio/7.0/toolchain/avr8/avr8-gnu-toolchain/bin/../lib/gcc/avr/5.4.0/avr5\libgcc.a(_exit.o)
 .text.libgcc.div
                0x00000000        0x0 c:/program files (x86)/atmel/studio/7.0/toolchain/avr8/avr8-gnu-toolchain/bin/../lib/gcc/avr/5.4.0/avr5\libgcc.a(_exit.o)
 .text.libgcc   0x00000000        0x0 c:/program files (x86)/atmel/studio/7.0/toolchain/avr8/avr8-gnu-toolchain/bin/../lib/gcc/avr/5.4.0/avr5\libgcc.a(_exit.o)
 .text.libgcc.prologue
                0x00000000        0x0 c:/program files (x86)/atmel/studio/7.0/toolchain/avr8/avr8-gnu-toolchain/bin/../lib/gcc/avr/5.4.0/avr5\libgcc.a(_exit.o)
 .text.libgcc.builtins
                0x00000000        0x0 c:/program files (x86)/atmel/studio/7.0/toolchain/avr8/avr8-gnu-toolchain/bin/../lib/gcc/avr/5.4.0/avr5\libgcc.a(_exit.o)
 .text.libgcc.fmul
                0x00000000        0x0 c:/program files (x86)/atmel/studio/7.0/toolchain/avr8/avr8-gnu-toolchain/bin/../lib/gcc/avr/5.4.0/avr5\libgcc.a(_exit.o)
 .text.libgcc.fixed
                0x00000000        0x0 c:/program files (x86)/atmel/studio/7.0/toolchain/avr8/avr8-gnu-toolchain/bin/../lib/gcc/avr/5.4.0/avr5\libgcc.a(_exit.o)
 .text          0x00000000        0x0 c:/program files (x86)/atmel/studio/7.0/toolchain/avr8/avr8-gnu-toolchain/bin/../lib/gcc/avr/5.4.0/avr5\libgcc.a(_copy_data.o)
 .data          0x00000000        0x0 c:/program files (x86)/atmel/studio/7.0/toolchain/avr8/avr8-gnu-toolchain/bin/../lib/gcc/avr/5.4.0/avr5\libgcc.a(_copy_data.o)
 .bss           0x00000000        0x0 c:/program files (x86)/atmel/studio/7.0/toolchain/avr8/avr8-gnu-toolchain/bin/../lib/gcc/avr/5.4.0/avr5\libgcc.a(_copy_data.o)
 .text.libgcc.mul
                0x00000000        0x0 c:/program files (x86)/atmel/studio/7.0/toolchain/avr8/avr8-gnu-toolchain/bin/../lib/gcc/avr/5.4.0/avr5\libgcc.a(_copy_data.o)
 .text.libgcc.div
                0x00000000        0x0 c:/program files (x86)/atmel/studio/7.0/toolchain/avr8/avr8-gnu-toolchain/bin/../lib/gcc/avr/5.4.0/avr5\libgcc.a(_copy_data.o)
 .text.libgcc   0x00000000        0x0 c:/program files (x86)/atmel/studio/7.0/toolchain/avr8/avr8-gnu-toolchain/bin/../lib/gcc/avr/5.4.0/avr5\libgcc.a(_copy_data.o)
 .text.libgcc.prologue
                0x00000000        0x0 c:/program files (x86)/atmel/studio/7.0/toolchain/avr8/avr8-gnu-toolchain/bin/../lib/gcc/avr/5.4.0/avr5\libgcc.a(_copy_data.o)
 .text.libgcc.builtins
                0x00000000        0x0 c:/program files (x86)/atmel/studio/7.0/toolchain/avr8/avr8-gnu-toolchain/bin/../lib/gcc/avr/5.4.0/avr5\libgcc.a(_copy_data.o)
 .text.libgcc.fmul
                0x00000000        0x0 c:/program files (x86)/atmel/studio/7.0/toolchain/avr8/avr8-gnu-toolchain/bin/../lib/gcc/avr/5.4.0/avr5\libgcc.a(_copy_data.o)
 .text.libgcc.fixed
                0x00000000        0x0 c:/program files (x86)/atmel/studio/7.0/toolchain/avr8/avr8-gnu-toolchain/bin/../lib/gcc/avr/5.4.0/avr5\libgcc.a(_copy_data.o)
 .text          0x00000000        0x0 c:/program files (x86)/atmel/studio/7.0/toolchain/avr8/avr8-gnu-toolchain/bin/../lib/gcc/avr/5.4.0/avr5\libgcc.a(_clear_bss.o)
 .data          0x00000000        0x0 c:/program files (x86)/atmel/studio/7.0/toolchain/avr8/avr8-gnu-toolchain/bin/../lib/gcc/avr/5.4.0/avr5\libgcc.a(_clear_bss.o)
 .bss           0x00000000        0x0 c:/program files (x86)/atmel/studio/7.0/toolchain/avr8/avr8-gnu-toolchain/bin/../lib/gcc/avr/5.4.0/avr5\libgcc.a(_clear_bss.o)
 .text.libgcc.mul
                0x00000000        0x0 c:/program files (x86)/atmel/studio/7.0/toolchain/avr8/avr8-gnu-toolchain/bin/../lib/gcc/avr/5.4.0/avr5\libgcc.a(_clear_bss.o)
 .text.libgcc.div
                0x00000000        0x0 c:/program files (x86)/atmel/studio/7.0/toolchain/avr8/avr8-gnu-toolchain/bin/../lib/gcc/avr/5.4.0/avr5\libgcc.a(_clear_bss.o)
 .text.libgcc   0x00000000        0x0 c:/program files (x86)/atmel/studio/7.0/toolchain/avr8/avr8-gnu-toolchain/bin/../lib/gcc/avr/5.4.0/avr5\libgcc.a(_clear_bss.o)
 .text.libgcc.prologue
                0x00000000        0x0 c:/program files (x86)/atmel/studio/7.0/toolchain/avr8/avr8-gnu-toolchain/bin/../lib/gcc/avr/5.4.0/avr5\libgcc.a(_clear_bss.o)
 .text.libgcc.builtins
                0x00000000        0x0 c:/program files (x86)/atmel/studio/7.0/toolchain/avr8/avr8-gnu-toolchain/bin/../lib/gcc/avr/5.4.0/avr5\libgcc.a(_clear_bss.o)
 .text.libgcc.fmul
                0x00000000        0x0 c:/program files (x86)/atmel/studio/7.0/toolchain/avr8/avr8-gnu-toolchain/bin/../lib/gcc/avr/5.4.0/avr5\libgcc.a(_clear_bss.o)
 .text.libgcc.fixed
                0x00000000        0x0 c:/program files (x86)/atmel/studio/7.0/toolchain/avr8/avr8-gnu-toolchain/bin/../lib/gcc/avr/5.4.0/avr5\libgcc.a(_clear_bss.o)
 .text          0x00000000        0x0 c:/program files (x86)/atmel/studio/7.0/toolchain/avr8/avr8-gnu-toolchain/bin/../lib/gcc/avr/5.4.0/avr5\libgcc.a(_udivmodhi4.o)
 .data          0x00000000        0x0 c:/program files (x86)/atmel/studio/7.0/toolchain/avr8/avr8-gnu-toolchain/bin/../lib/gcc/avr/5.4.0/avr5\libgcc.a(_udivmodhi4.o)
 .bss           0x00000000        0x0 c:/program files (x86)/atmel/studio/7.0/toolchain/avr8/avr8-gnu-toolchain/bin/../lib/gcc/avr/5.4.0/avr5\libgcc.a(_udivmodhi4.o)
 .text.libgcc.mul
                0x00000000        0x0 c:/program files (x86)/atmel/studio/7.0/toolchain/avr8/avr8-gnu-toolchain/bin/../lib/gcc/avr/5.4.0/avr5\libgcc.a(_udivmodhi4.o)
 .text.libgcc   0x00000000        0x0 c:/program files (x86)/atmel/studio/7.0/toolchain/avr8/avr8-gnu-toolchain/bin/../lib/gcc/avr/5.4.0/avr5\libgcc.a(_udivmodhi4.o)
 .text.libgcc.prologue
                0x00000000        0x0 c:/program files (x86)/atmel/studio/7.0/toolchain/avr8/avr8-gnu-toolchain/bin/../lib/gcc/avr/5.4.0/avr5\libgcc.a(_udivmodhi4.o)
 .text.libgcc.builtins
                0x00000000        0x0 c:/program files (x86)/atmel/studio/7.0/toolchain/avr8/avr8-gnu-toolchain/bin/../lib/gcc/avr/5.4.0/avr5\libgcc.a(_udivmodhi4.o)
 .text.libgcc.fmul
                0x00000000        0x0 c:/program files (x86)/atmel/studio/7.0/toolchain/avr8/avr8-gnu-toolchain/bin/../lib/gcc/avr/5.4.0/avr5\libgcc.a(_udivmodhi4.o)
 .text.libgcc.fixed
                0x00000000        0x0 c:/program files (x86)/atmel/studio/7.0/toolchain/avr8/avr8-gnu-toolchain/bin/../lib/gcc/avr/5.4.0/avr5\libgcc.a(_udivmodhi4.o)

Memory Configuration

Name             Origin             Length             Attributes
text             0x00000000         0x00008000         xr
data             0x00800060         0x00000800         rw !x
eeprom           0x00810000         0x00000400         rw !x
fuse             0x00820000         0x00000002         rw !x
lock             0x00830000         0x00000400         rw !x
signature        0x00840000         0x00000400         rw !x
user_signatures  0x00850000         0x00000400         rw !x
*default*        0x00000000         0xffffffff

Linker script and memory map

LOAD C:/Program Files (x86)/Atmel/Studio/7.0/Packs/atmel/ATmega_DFP/1.7.374/gcc/dev/atmega32/avr5/crtatmega32.o
LOAD HAL/DC_motor.o
LOAD HAL/EEPROM.o
LOAD HAL/H_key_pad.o
LOAD HAL/H_LCD.o
LOAD HAL/H_7_segments.o
LOAD HAL/Servo.o
LOAD HAL/ultrasonic.o
LOAD main.o
LOAD MCAL/I2C.o
LOAD MCAL/M_ADC.o
LOAD MCAL/M_DIO.o
LOAD MCAL/M_external_interrupt.o
LOAD MCAL/SPI.o
LOAD MCAL/Timer_1.o
LOAD MCAL/Timer_0.o
LOAD MCAL/Timer_2.o
LOAD MCAL/UART.o
START GROUP
LOAD c:/program files (x86)/atmel/studio/7.0/toolchain/avr8/avr8-gnu-toolchain/bin/../lib/gcc/avr/5.4.0/../../../../avr/lib/avr5\libm.a
END GROUP
START GROUP
LOAD c:/program files (x86)/atmel/studio/7.0/toolchain/avr8/avr8-gnu-toolchain/bin/../lib/gcc/avr/5.4.0/avr5\libgcc.a
LOAD c:/program files (x86)/atmel/studio/7.0/toolchain/avr8/avr8-gnu-toolchain/bin/../lib/gcc/avr/5.4.0/../../../../avr/lib/avr5\libm.a
LOAD c:/program files (x86)/atmel/studio/7.0/toolchain/avr8/avr8-gnu-toolchain/bin/../lib/gcc/avr/5.4.0/../../../../avr/lib/avr5\libc.a
LOAD C:/Program Files (x86)/Atmel/Studio/7.0/Packs/atmel/ATmega_DFP/1.7.374/gcc/dev/atmega32/avr5\libatmega32.a
END GROUP
                0x00000000                __TEXT_REGION_ORIGIN__ = DEFINED (__TEXT_REGION_ORIGIN__)?__TEXT_REGION_ORIGIN__:0x0
                [0x00800060]                __DATA_REGION_ORIGIN__ = DEFINED (__DATA_REGION_ORIGIN__)?__DATA_REGION_ORIGIN__:0x800060
                [0x00008000]                __TEXT_REGION_LENGTH__ = DEFINED (__TEXT_REGION_LENGTH__)?__TEXT_REGION_LENGTH__:0x20000
                [0x00000800]                __DATA_REGION_LENGTH__ = DEFINED (__DATA_REGION_LENGTH__)?__DATA_REGION_LENGTH__:0xffa0
                [0x00000400]                __EEPROM_REGION_LENGTH__ = DEFINED (__EEPROM_REGION_LENGTH__)?__EEPROM_REGION_LENGTH__:0x10000
                [0x00000002]                __FUSE_REGION_LENGTH__ = DEFINED (__FUSE_REGION_LENGTH__)?__FUSE_REGION_LENGTH__:0x400
                0x00000400                __LOCK_REGION_LENGTH__ = DEFINED (__LOCK_REGION_LENGTH__)?__LOCK_REGION_LENGTH__:0x400
                0x00000400                __SIGNATURE_REGION_LENGTH__ = DEFINED (__SIGNATURE_REGION_LENGTH__)?__SIGNATURE_REGION_LENGTH__:0x400
                0x00000400                __USER_SIGNATURE_REGION_LENGTH__ = DEFINED (__USER_SIGNATURE_REGION_LENGTH__)?__USER_SIGNATURE_REGION_LENGTH__:0x400

.hash
 *(.hash)

.dynsym
 *(.dynsym)

.dynstr
 *(.dynstr)

.gnu.version
 *(.gnu.version)

.gnu.version_d
 *(.gnu.version_d)

.gnu.version_r
 *(.gnu.version_r)

.rel.init
 *(.rel.init)

.rela.init
 *(.rela.init)

.rel.text
 *(.rel.text)
 *(.rel.text.*)
 *(.rel.gnu.linkonce.t*)

.rela.text
 *(.rela.text)
 *(.rela.text.*)
 *(.rela.gnu.linkonce.t*)

.rel.fini
 *(.rel.fini)

.rela.fini
 *(.rela.fini)

.rel.rodata
 *(.rel.rodata)
 *(.rel.rodata.*)
 *(.rel.gnu.linkonce.r*)

.rela.rodata
 *(.rela.rodata)
 *(.rela.rodata.*)
 *(.rela.gnu.linkonce.r*)

.rel.data
 *(.rel.data)
 *(.rel.data.*)
 *(.rel.gnu.linkonce.d*)

.rela.data
 *(.rela.data)
 *(.rela.data.*)
 *(.rela.gnu.linkonce.d*)

.rel.ctors
 *(.rel.ctors)

.rela.ctors
 *(.rela.ctors)

.rel.dtors
 *(.rel.dtors)

.rela.dtors
 *(.rela.dtors)

.rel.got
 *(.rel.got)

.rela.got
 *(.rela.got)

.rel.bss
 *(.rel.bss)

.rela.bss
 *(.rela.bss)

.rel.plt
 *(.rel.plt)

.rela.plt
 *(.rela.plt)

.text           0x00000000      0x72a
 *(.vectors)
 .vectors       0x00000000       0x54 C:/Program Files (x86)/Atmel/Studio/7.0/Packs/atmel/ATmega_DFP/1.7.374/gcc/dev/atmega32/avr5/crtatmega32.o
                0x00000000                __vector_default
                0x00000000                __vectors
 *(.vectors)
 *(.progmem.gcc*)
                0x00000054                . = ALIGN (0x2)
                0x00000054                __trampolines_start = .
 *(.trampolines)
 .trampolines   0x00000054        0x0 linker stubs
 *(.trampolines*)
                0x00000054                __trampolines_end = .
 *libprintf_flt.a:*(.progmem.data)
 *libc.a:*(.progmem.data)
 *(.progmem*)
                0x00000054                . = ALIGN (0x2)
 *(.jumptables)
 *(.jumptables*)
 *(.lowtext)
 *(.lowtext*)
                0x00000054                __ctors_start = .
 *(.ctors)
                0x00000054                __ctors_end = .
                0x00000054                __dtors_start = .
 *(.dtors)
                0x00000054                __dtors_end = .
 SORT(*)(.ctors)
 SORT(*)(.dtors)
 *(.init0)
 .init0         0x00000054        0x0 C:/Program Files (x86)/Atmel/Studio/7.0/Packs/atmel/ATmega_DFP/1.7.374/gcc/dev/atmega32/avr5/crtatmega32.o
                0x00000054                __init
 *(.init0)
 *(.init1)
 *(.init1)
 *(.init2)
 .init2         0x00000054        0xc C:/Program Files (x86)/Atmel/Studio/7.0/Packs/atmel/ATmega_DFP/1.7.374/gcc/dev/atmega32/avr5/crtatmega32.o
 *(.init2)
 *(.init3)
 *(.init3)
 *(.init4)
 .init4         0x00000060       0x16 c:/program files (x86)/atmel/studio/7.0/toolchain/avr8/avr8-gnu-toolchain/bin/../lib/gcc/avr/5.4.0/avr5\libgcc.a(_copy_data.o)
                0x00000060                __do_copy_data
 .init4         0x00000076       0x10 c:/program files (x86)/atmel/studio/7.0/toolchain/avr8/avr8-gnu-toolchain/bin/../lib/gcc/avr/5.4.0/avr5\libgcc.a(_clear_bss.o)
                0x00000076                __do_clear_bss
 *(.init4)
 *(.init5)
 *(.init5)
 *(.init6)
 *(.init6)
 *(.init7)
 *(.init7)
 *(.init8)
 *(.init8)
 *(.init9)
 .init9         0x00000086        0x8 C:/Program Files (x86)/Atmel/Studio/7.0/Packs/atmel/ATmega_DFP/1.7.374/gcc/dev/atmega32/avr5/crtatmega32.o
 *(.init9)
 *(.text)
 .text          0x0000008e        0x4 C:/Program Files (x86)/Atmel/Studio/7.0/Packs/atmel/ATmega_DFP/1.7.374/gcc/dev/atmega32/avr5/crtatmega32.o
                0x0000008e                __vector_1
                0x0000008e                __vector_12
                0x0000008e                __bad_interrupt
                0x0000008e                __vector_3
                0x0000008e                __vector_13
                0x0000008e                __vector_17
                0x0000008e                __vector_19
                0x0000008e                __vector_7
                0x0000008e                __vector_5
                0x0000008e                __vector_4
                0x0000008e                __vector_9
                0x0000008e                __vector_2
                0x0000008e                __vector_15
                0x0000008e                __vector_8
                0x0000008e                __vector_14
                0x0000008e                __vector_10
                0x0000008e                __vector_16
                0x0000008e                __vector_18
                0x0000008e                __vector_20
                0x00000092                . = ALIGN (0x2)
 *(.text.*)
 .text.H_DC_motor_forward
                0x00000092       0x44 HAL/DC_motor.o
                0x00000092                H_DC_motor_forward
 .text.H_DC_motor_backward
                0x000000d6       0x44 HAL/DC_motor.o
                0x000000d6                H_DC_motor_backward
 .text.H_DC_motor_stop
                0x0000011a       0x44 HAL/DC_motor.o
                0x0000011a                H_DC_motor_stop
 .text.H_Servo_init
                0x0000015e        0xe HAL/Servo.o
                0x0000015e                H_Servo_init
 .text.H_Servo_angle
                0x0000016c       0x1a HAL/Servo.o
                0x0000016c                H_Servo_angle
 .text.H_ultrasonic_init
                0x00000186       0x14 HAL/ultrasonic.o
                0x00000186                H_ultrasonic_init
 .text.H_ultrasonic_measure
                0x0000019a       0x70 HAL/ultrasonic.o
                0x0000019a                H_ultrasonic_measure
 .text.car_farward
                0x0000020a       0x32 main.o
                0x0000020a                car_farward
 .text.car_right
                0x0000023c       0x32 main.o
                0x0000023c                car_right
 .text.car_left
                0x0000026e       0x32 main.o
                0x0000026e                car_left
 .text.car_stop
                0x000002a0       0x32 main.o
                0x000002a0                car_stop
 .text.main     0x000002d2       0x8a main.o
                0x000002d2                main
 .text.M_DIO_set_pin_direction
                0x0000035c       0xee MCAL/M_DIO.o
                0x0000035c                M_DIO_set_pin_direction
 .text.M_DIO_set_pin_value
                0x0000044a       0xea MCAL/M_DIO.o
                0x0000044a                M_DIO_set_pin_value
 .text.M_Timer_1_input_capture_unit_init
                0x00000534       0x16 MCAL/Timer_1.o
                0x00000534                M_Timer_1_input_capture_unit_init
 .text.M_Timer_1_pulseIn
                0x0000054a       0x28 MCAL/Timer_1.o
                0x0000054a                M_Timer_1_pulseIn
 .text.__vector_6
                0x00000572       0x64 MCAL/Timer_1.o
                0x00000572                __vector_6
 .text.M_Timer_0_Task_scedular
                0x000005d6       0x56 MCAL/Timer_0.o
                0x000005d6                M_Timer_0_Task_scedular
 .text.__vector_11
                0x0000062c       0x48 MCAL/Timer_0.o
                0x0000062c                __vector_11
 .text.M_Timer_2_init
                0x00000674       0x12 MCAL/Timer_2.o
                0x00000674                M_Timer_2_init
 .text.M_Timer_2_start
                0x00000686        0x8 MCAL/Timer_2.o
                0x00000686                M_Timer_2_start
 .text.M_Timer_2_PWM
                0x0000068e        0x4 MCAL/Timer_2.o
                0x0000068e                M_Timer_2_PWM
 .text.libgcc.div
                0x00000692       0x28 c:/program files (x86)/atmel/studio/7.0/toolchain/avr8/avr8-gnu-toolchain/bin/../lib/gcc/avr/5.4.0/avr5\libgcc.a(_divmodhi4.o)
                0x00000692                _div
                0x00000692                __divmodhi4
 .text.libgcc.div
                0x000006ba       0x44 c:/program files (x86)/atmel/studio/7.0/toolchain/avr8/avr8-gnu-toolchain/bin/../lib/gcc/avr/5.4.0/avr5\libgcc.a(_udivmodsi4.o)
                0x000006ba                __udivmodsi4
 .text.libgcc.div
                0x000006fe       0x28 c:/program files (x86)/atmel/studio/7.0/toolchain/avr8/avr8-gnu-toolchain/bin/../lib/gcc/avr/5.4.0/avr5\libgcc.a(_udivmodhi4.o)
                0x000006fe                __udivmodhi4
                0x00000726                . = ALIGN (0x2)
 *(.fini9)
 .fini9         0x00000726        0x0 c:/program files (x86)/atmel/studio/7.0/toolchain/avr8/avr8-gnu-toolchain/bin/../lib/gcc/avr/5.4.0/avr5\libgcc.a(_exit.o)
                0x00000726                _exit
                0x00000726                exit
 *(.fini9)
 *(.fini8)
 *(.fini8)
 *(.fini7)
 *(.fini7)
 *(.fini6)
 *(.fini6)
 *(.fini5)
 *(.fini5)
 *(.fini4)
 *(.fini4)
 *(.fini3)
 *(.fini3)
 *(.fini2)
 *(.fini2)
 *(.fini1)
 *(.fini1)
 *(.fini0)
 .fini0         0x00000726        0x4 c:/program files (x86)/atmel/studio/7.0/toolchain/avr8/avr8-gnu-toolchain/bin/../lib/gcc/avr/5.4.0/avr5\libgcc.a(_exit.o)
 *(.fini0)
                0x0000072a                _etext = .

.data           0x00800060        0xa load address 0x0000072a
                0x00800060                PROVIDE (__data_start, .)
 *(.data)
 *(.data*)
 .data.DC_motor_left
                0x00800060        0x5 main.o
                0x00800060                DC_motor_left
 .data.DC_motor_right
                0x00800065        0x5 main.o
                0x00800065                DC_motor_right
 *(.gnu.linkonce.d*)
 *(.rodata)
 *(.rodata*)
 *(.gnu.linkonce.r*)
                0x0080006a                . = ALIGN (0x2)
                0x0080006a                _edata = .
                0x0080006a                PROVIDE (__data_end, .)

.bss            0x0080006a       0x13
                0x0080006a                PROVIDE (__bss_start, .)
 *(.bss)
 *(.bss*)
 .bss.x         0x0080006a        0x2 MCAL/Timer_1.o
 .bss.Task_clock_counter.1660
                0x0080006c        0x1 MCAL/Timer_0.o
 *(COMMON)
 COMMON         0x0080006d        0x4 MCAL/Timer_1.o
                0x0080006d                array
 COMMON         0x00800071        0xc MCAL/Timer_0.o
                0x00800071                Task_array
                0x0080007d                PROVIDE (__bss_end, .)
                0x0000072a                __data_load_start = LOADADDR (.data)
                0x00000734                __data_load_end = (__data_load_start + SIZEOF (.data))

.noinit         0x0080007d        0x0
                [!provide]                PROVIDE (__noinit_start, .)
 *(.noinit*)
                [!provide]                PROVIDE (__noinit_end, .)
                0x0080007d                _end = .
                [!provide]                PROVIDE (__heap_start, .)

.eeprom         0x00810000        0x0
 *(.eeprom*)
                0x00810000                __eeprom_end = .

.fuse
 *(.fuse)
 *(.lfuse)
 *(.hfuse)
 *(.efuse)

.lock
 *(.lock*)

.signature
 *(.signature*)

.user_signatures
 *(.user_signatures*)

.stab
 *(.stab)

.stabstr
 *(.stabstr)

.stab.excl
 *(.stab.excl)

.stab.exclstr
 *(.stab.exclstr)

.stab.index
 *(.stab.index)

.stab.indexstr
 *(.stab.indexstr)

.comment        0x00000000       0x30
 *(.comment)
 .comment       0x00000000       0x30 HAL/DC_motor.o
                                 0x31 (size before relaxing)
 .comment       0x00000030       0x31 HAL/Servo.o
 .comment       0x00000030       0x31 HAL/ultrasonic.o
 .comment       0x00000030       0x31 main.o
 .comment       0x00000030       0x31 MCAL/M_DIO.o
 .comment       0x00000030       0x31 MCAL/Timer_1.o
 .comment       0x00000030       0x31 MCAL/Timer_0.o
 .comment       0x00000030       0x31 MCAL/Timer_2.o

.note.gnu.avr.deviceinfo
                0x00000000       0x3c
 .note.gnu.avr.deviceinfo
                0x00000000       0x3c C:/Program Files (x86)/Atmel/Studio/7.0/Packs/atmel/ATmega_DFP/1.7.374/gcc/dev/atmega32/avr5/crtatmega32.o

.note.gnu.build-id
 *(.note.gnu.build-id)

.debug
 *(.debug)

.line
 *(.line)

.debug_srcinfo
 *(.debug_srcinfo)

.debug_sfnames
 *(.debug_sfnames)

.debug_aranges  0x00000000      0x1f0
 *(.debug_aranges)
 .debug_aranges
                0x00000000       0x38 HAL/DC_motor.o
 .debug_aranges
                0x00000038       0x28 HAL/Servo.o
 .debug_aranges
                0x00000060       0x28 HAL/ultrasonic.o
 .debug_aranges
                0x00000088       0x48 main.o
 .debug_aranges
                0x000000d0       0x68 MCAL/M_DIO.o
 .debug_aranges
                0x00000138       0x30 MCAL/Timer_1.o
 .debug_aranges
                0x00000168       0x58 MCAL/Timer_0.o
 .debug_aranges
                0x000001c0       0x30 MCAL/Timer_2.o

.debug_pubnames
 *(.debug_pubnames)

.debug_info     0x00000000     0x17d9
 *(.debug_info .gnu.linkonce.wi.*)
 .debug_info    0x00000000      0x4e6 C:/Program Files (x86)/Atmel/Studio/7.0/Packs/atmel/ATmega_DFP/1.7.374/gcc/dev/atmega32/avr5/crtatmega32.o
 .debug_info    0x000004e6      0x2f4 HAL/DC_motor.o
 .debug_info    0x000007da      0x13e HAL/Servo.o
 .debug_info    0x00000918      0x2ea HAL/ultrasonic.o
 .debug_info    0x00000c02      0x349 main.o
 .debug_info    0x00000f4b      0x368 MCAL/M_DIO.o
 .debug_info    0x000012b3      0x15a MCAL/Timer_1.o
 .debug_info    0x0000140d      0x297 MCAL/Timer_0.o
 .debug_info    0x000016a4      0x135 MCAL/Timer_2.o

.debug_abbrev   0x00000000      0xcfa
 *(.debug_abbrev)
 .debug_abbrev  0x00000000      0x4a3 C:/Program Files (x86)/Atmel/Studio/7.0/Packs/atmel/ATmega_DFP/1.7.374/gcc/dev/atmega32/avr5/crtatmega32.o
 .debug_abbrev  0x000004a3       0xd5 HAL/DC_motor.o
 .debug_abbrev  0x00000578       0xc4 HAL/Servo.o
 .debug_abbrev  0x0000063c      0x173 HAL/ultrasonic.o
 .debug_abbrev  0x000007af      0x113 main.o
 .debug_abbrev  0x000008c2       0xf1 MCAL/M_DIO.o
 .debug_abbrev  0x000009b3       0xf2 MCAL/Timer_1.o
 .debug_abbrev  0x00000aa5      0x19e MCAL/Timer_0.o
 .debug_abbrev  0x00000c43       0xb7 MCAL/Timer_2.o

.debug_line     0x00000000      0xf05
 *(.debug_line .debug_line.* .debug_line_end)
 .debug_line    0x00000000      0x116 C:/Program Files (x86)/Atmel/Studio/7.0/Packs/atmel/ATmega_DFP/1.7.374/gcc/dev/atmega32/avr5/crtatmega32.o
 .debug_line    0x00000116       0xdf HAL/DC_motor.o
 .debug_line    0x000001f5       0x9f HAL/Servo.o
 .debug_line    0x00000294      0x1b9 HAL/ultrasonic.o
 .debug_line    0x0000044d      0x195 main.o
 .debug_line    0x000005e2      0x4e7 MCAL/M_DIO.o
 .debug_line    0x00000ac9      0x15a MCAL/Timer_1.o
 .debug_line    0x00000c23      0x1d6 MCAL/Timer_0.o
 .debug_line    0x00000df9      0x10c MCAL/Timer_2.o

.debug_frame    0x00000000      0x3f0
 *(.debug_frame)
 .debug_frame   0x00000000       0xb4 HAL/DC_motor.o
 .debug_frame   0x000000b4       0x34 HAL/Servo.o
 .debug_frame   0x000000e8       0x40 HAL/ultrasonic.o
 .debug_frame   0x00000128       0x90 main.o
 .debug_frame   0x000001b8       0xb4 MCAL/M_DIO.o
 .debug_frame   0x0000026c       0x58 MCAL/Timer_1.o
 .debug_frame   0x000002c4       0xe8 MCAL/Timer_0.o
 .debug_frame   0x000003ac       0x44 MCAL/Timer_2.o

.debug_str      0x00000000      0x7c7
 *(.debug_str)
 .debug_str     0x00000000      0x196 C:/Program Files (x86)/Atmel/Studio/7.0/Packs/atmel/ATmega_DFP/1.7.374/gcc/dev/atmega32/avr5/crtatmega32.o
 .debug_str     0x00000196      0x204 HAL/DC_motor.o
                                0x23d (size before relaxing)
 .debug_str     0x0000039a       0x5e HAL/Servo.o
                                0x1d2 (size before relaxing)
 .debug_str     0x000003f8       0xef HAL/ultrasonic.o
                                0x2ae (size before relaxing)
 .debug_str     0x000004e7       0x69 main.o
                                0x2a7 (size before relaxing)
 .debug_str     0x00000550      0x121 MCAL/M_DIO.o
                                0x2c3 (size before relaxing)
 .debug_str     0x00000671       0x41 MCAL/Timer_1.o
                                0x210 (size before relaxing)
 .debug_str     0x000006b2       0xf9 MCAL/Timer_0.o
                                0x293 (size before relaxing)
 .debug_str     0x000007ab       0x1c MCAL/Timer_2.o
                                0x1ee (size before relaxing)

.debug_loc      0x00000000      0xc96
 *(.debug_loc)
 .debug_loc     0x00000000      0x154 HAL/DC_motor.o
 .debug_loc     0x00000154       0x21 HAL/Servo.o
 .debug_loc     0x00000175       0xee HAL/ultrasonic.o
 .debug_loc     0x00000263       0xa5 main.o
 .debug_loc     0x00000308      0x743 MCAL/M_DIO.o
 .debug_loc     0x00000a4b       0x83 MCAL/Timer_1.o
 .debug_loc     0x00000ace      0x186 MCAL/Timer_0.o
 .debug_loc     0x00000c54       0x42 MCAL/Timer_2.o

.debug_macinfo
 *(.debug_macinfo)

.debug_weaknames
 *(.debug_weaknames)

.debug_funcnames
 *(.debug_funcnames)

.debug_typenames
 *(.debug_typenames)

.debug_varnames
 *(.debug_varnames)

.debug_pubtypes
 *(.debug_pubtypes)

.debug_ranges   0x00000000      0x170
 *(.debug_ranges)
 .debug_ranges  0x00000000       0x28 HAL/DC_motor.o
 .debug_ranges  0x00000028       0x18 HAL/Servo.o
 .debug_ranges  0x00000040       0x18 HAL/ultrasonic.o
 .debug_ranges  0x00000058       0x38 main.o
 .debug_ranges  0x00000090       0x58 MCAL/M_DIO.o
 .debug_ranges  0x000000e8       0x20 MCAL/Timer_1.o
 .debug_ranges  0x00000108       0x48 MCAL/Timer_0.o
 .debug_ranges  0x00000150       0x20 MCAL/Timer_2.o

.debug_macro
 *(.debug_macro)
OUTPUT(GccApplication2.elf elf32-avr)
LOAD linker stubs
